// Jest Snapshot v1, https://goo.gl/fbAQLP

exports[`should render test item from expenses 1`] = `
<div>
  <[object Object]
    to="/edit/2"
  >
    <h3>
      Rent
    </h3>
  </[object Object]>
  <p>
     
    500000
     - 
    -345600000
     
  </p>
</div>
`;
